// Vitest Snapshot v1, https://vitest.dev/guide/snapshot.html

exports[`FileSystem Provider > should produce the expected graph 1`] = `
[
  {
    "linkCount": 8,
    "name": "big.md",
  },
  {
    "linkCount": 0,
    "name": "small6.md",
  },
  {
    "linkCount": 0,
    "name": "small2.md",
  },
  {
    "linkCount": 0,
    "name": "small3.md",
  },
  {
    "linkCount": 0,
    "name": "small4.md",
  },
  {
    "linkCount": 0,
    "name": "small5.md",
  },
  {
    "linkCount": 0,
    "name": "small1.md",
  },
  {
    "linkCount": 3,
    "name": "med2.md",
  },
  {
    "linkCount": 3,
    "name": "med1.md",
  },
]
`;
