{
  "links": [
    {
      "source": "big.md",
      "target": "small6.md",
    },
    {
      "source": "big.md",
      "target": "small5.md",
    },
    {
      "source": "big.md",
      "target": "small4.md",
    },
    {
      "source": "big.md",
      "target": "small3.md",
    },
    {
      "source": "big.md",
      "target": "small2.md",
    },
    {
      "source": "big.md",
      "target": "small1.md",
    },
    {
      "source": "big.md",
      "target": "med2.md",
    },
    {
      "source": "big.md",
      "target": "med1.md",
    },
    {
      "source": "med1.md",
      "target": "small3.md",
    },
    {
      "source": "med1.md",
      "target": "small2.md",
    },
    {
      "source": "med1.md",
      "target": "small1.md",
    },
    {
      "source": "med2.md",
      "target": "small6.md",
    },
    {
      "source": "med2.md",
      "target": "small5.md",
    },
    {
      "source": "med2.md",
      "target": "small4.md",
    },
  ],
  "nodes": [
    {
      "childNodes": [
        "med1.md",
        "med2.md",
        "small1.md",
        "small2.md",
        "small3.md",
        "small4.md",
        "small5.md",
        "small6.md",
      ],
      "parentNodes": [],
      "title": "big.md",
      "totalDescendants": 14,
    },
    {
      "childNodes": [
        "small1.md",
        "small2.md",
        "small3.md",
      ],
      "parentNodes": [
        "big.md",
      ],
      "title": "med1.md",
      "totalDescendants": 3,
    },
    {
      "childNodes": [
        "small4.md",
        "small5.md",
        "small6.md",
      ],
      "parentNodes": [
        "big.md",
      ],
      "title": "med2.md",
      "totalDescendants": 3,
    },
    {
      "childNodes": [],
      "parentNodes": [
        "big.md",
        "med1.md",
      ],
      "title": "small1.md",
      "totalDescendants": 0,
    },
    {
      "childNodes": [],
      "parentNodes": [
        "big.md",
        "med1.md",
      ],
      "title": "small2.md",
      "totalDescendants": 0,
    },
    {
      "childNodes": [],
      "parentNodes": [
        "big.md",
        "med1.md",
      ],
      "title": "small3.md",
      "totalDescendants": 0,
    },
    {
      "childNodes": [],
      "parentNodes": [
        "big.md",
        "med2.md",
      ],
      "title": "small4.md",
      "totalDescendants": 0,
    },
    {
      "childNodes": [],
      "parentNodes": [
        "big.md",
        "med2.md",
      ],
      "title": "small5.md",
      "totalDescendants": 0,
    },
    {
      "childNodes": [],
      "parentNodes": [
        "big.md",
        "med2.md",
      ],
      "title": "small6.md",
      "totalDescendants": 0,
    },
  ],
}